기존 결과 200조건을 재사용한다
[6/288] ρ=48 θ= 0 o=75  recall_nohat 0.0  recall_hat 0.0037
[12/288] ρ=48 θ=15 o=75  recall_nohat 0.0  recall_hat 0.0019
[18/288] ρ=48 θ=30 o=75  recall_nohat 0.0  recall_hat 0.0
[24/288] ρ=48 θ=45 o=75  recall_nohat 0.0  recall_hat 0.0
[30/288] ρ=48 θ=60 o=75  recall_nohat 0.0  recall_hat 0.0019
[31/288] ρ=48 θ=75 o= 0  recall_nohat 0.0146  recall_hat 0.0356
[32/288] ρ=48 θ=75 o=15  recall_nohat 0.0022  recall_hat 0.0169
[33/288] ρ=48 θ=75 o=30  recall_nohat 0.0  recall_hat 0.0019
[34/288] ρ=48 θ=75 o=45  recall_nohat 0.0  recall_hat 0.0
[35/288] ρ=48 θ=75 o=60  recall_nohat 0.0  recall_hat 0.0
[36/288] ρ=48 θ=75 o=75  recall_nohat 0.0  recall_hat 0.0
[42/288] ρ=32 θ= 0 o=75  recall_nohat 0.0  recall_hat 0.0037
[48/288] ρ=32 θ=15 o=75  recall_nohat 0.0  recall_hat 0.0019
[54/288] ρ=32 θ=30 o=75  recall_nohat 0.0  recall_hat 0.0
[60/288] ρ=32 θ=45 o=75  recall_nohat 0.0  recall_hat 0.0
[66/288] ρ=32 θ=60 o=75  recall_nohat 0.0  recall_hat 0.0019
[67/288] ρ=32 θ=75 o= 0  recall_nohat 0.0117  recall_hat 0.03
[68/288] ρ=32 θ=75 o=15  recall_nohat 0.0022  recall_hat 0.0131
[69/288] ρ=32 θ=75 o=30  recall_nohat 0.0  recall_hat 0.0019
[70/288] ρ=32 θ=75 o=45  recall_nohat 0.0  recall_hat 0.0
[71/288] ρ=32 θ=75 o=60  recall_nohat 0.0  recall_hat 0.0
[72/288] ρ=32 θ=75 o=75  recall_nohat 0.0  recall_hat 0.0
[78/288] ρ=24 θ= 0 o=75  recall_nohat 0.0  recall_hat 0.0
[84/288] ρ=24 θ=15 o=75  recall_nohat 0.0  recall_hat 0.0
[90/288] ρ=24 θ=30 o=75  recall_nohat 0.0  recall_hat 0.0
[96/288] ρ=24 θ=45 o=75  recall_nohat 0.0  recall_hat 0.0
[102/288] ρ=24 θ=60 o=75  recall_nohat 0.0  recall_hat 0.0019
[103/288] ρ=24 θ=75 o= 0  recall_nohat 0.0102  recall_hat 0.0169
[104/288] ρ=24 θ=75 o=15  recall_nohat 0.0022  recall_hat 0.0075
[105/288] ρ=24 θ=75 o=30  recall_nohat 0.0  recall_hat 0.0
[106/288] ρ=24 θ=75 o=45  recall_nohat 0.0  recall_hat 0.0
[107/288] ρ=24 θ=75 o=60  recall_nohat 0.0  recall_hat 0.0
[108/288] ρ=24 θ=75 o=75  recall_nohat 0.0  recall_hat 0.0
[114/288] ρ=16 θ= 0 o=75  recall_nohat 0.0  recall_hat 0.0
[120/288] ρ=16 θ=15 o=75  recall_nohat 0.0  recall_hat 0.0
[126/288] ρ=16 θ=30 o=75  recall_nohat 0.0  recall_hat 0.0
[132/288] ρ=16 θ=45 o=75  recall_nohat 0.0  recall_hat 0.0
[138/288] ρ=16 θ=60 o=75  recall_nohat 0.0  recall_hat 0.0019
[139/288] ρ=16 θ=75 o= 0  recall_nohat 0.0109  recall_hat 0.0094
[140/288] ρ=16 θ=75 o=15  recall_nohat 0.0007  recall_hat 0.0112
[141/288] ρ=16 θ=75 o=30  recall_nohat 0.0  recall_hat 0.0
[142/288] ρ=16 θ=75 o=45  recall_nohat 0.0  recall_hat 0.0
[143/288] ρ=16 θ=75 o=60  recall_nohat 0.0  recall_hat 0.0
[144/288] ρ=16 θ=75 o=75  recall_nohat 0.0  recall_hat 0.0
[150/288] ρ=12 θ= 0 o=75  recall_nohat 0.0  recall_hat 0.0
[156/288] ρ=12 θ=15 o=75  recall_nohat 0.0  recall_hat 0.0
[162/288] ρ=12 θ=30 o=75  recall_nohat 0.0  recall_hat 0.0
[168/288] ρ=12 θ=45 o=75  recall_nohat 0.0  recall_hat 0.0
[174/288] ρ=12 θ=60 o=75  recall_nohat 0.0  recall_hat 0.0
[175/288] ρ=12 θ=75 o= 0  recall_nohat 0.0066  recall_hat 0.0037
[176/288] ρ=12 θ=75 o=15  recall_nohat 0.0  recall_hat 0.0056
[177/288] ρ=12 θ=75 o=30  recall_nohat 0.0  recall_hat 0.0
[178/288] ρ=12 θ=75 o=45  recall_nohat 0.0  recall_hat 0.0
[179/288] ρ=12 θ=75 o=60  recall_nohat 0.0  recall_hat 0.0
[180/288] ρ=12 θ=75 o=75  recall_nohat 0.0  recall_hat 0.0
[186/288] ρ= 8 θ= 0 o=75  recall_nohat 0.0  recall_hat 0.0
[192/288] ρ= 8 θ=15 o=75  recall_nohat 0.0  recall_hat 0.0
[198/288] ρ= 8 θ=30 o=75  recall_nohat 0.0  recall_hat 0.0
[204/288] ρ= 8 θ=45 o=75  recall_nohat 0.0  recall_hat 0.0
[210/288] ρ= 8 θ=60 o=75  recall_nohat 0.0  recall_hat 0.0
[211/288] ρ= 8 θ=75 o= 0  recall_nohat 0.0044  recall_hat 0.0019
[212/288] ρ= 8 θ=75 o=15  recall_nohat 0.0  recall_hat 0.0
[213/288] ρ= 8 θ=75 o=30  recall_nohat 0.0  recall_hat 0.0
[214/288] ρ= 8 θ=75 o=45  recall_nohat 0.0  recall_hat 0.0
[215/288] ρ= 8 θ=75 o=60  recall_nohat 0.0  recall_hat 0.0
[216/288] ρ= 8 θ=75 o=75  recall_nohat 0.0  recall_hat 0.0
[222/288] ρ= 6 θ= 0 o=75  recall_nohat 0.0  recall_hat 0.0
[228/288] ρ= 6 θ=15 o=75  recall_nohat 0.0  recall_hat 0.0
[234/288] ρ= 6 θ=30 o=75  recall_nohat 0.0  recall_hat 0.0
[240/288] ρ= 6 θ=45 o=75  recall_nohat 0.0  recall_hat 0.0
[246/288] ρ= 6 θ=60 o=75  recall_nohat 0.0  recall_hat 0.0
[247/288] ρ= 6 θ=75 o= 0  recall_nohat 0.0  recall_hat 0.0019
[248/288] ρ= 6 θ=75 o=15  recall_nohat 0.0007  recall_hat 0.0
[249/288] ρ= 6 θ=75 o=30  recall_nohat 0.0  recall_hat 0.0
[250/288] ρ= 6 θ=75 o=45  recall_nohat 0.0  recall_hat 0.0
[251/288] ρ= 6 θ=75 o=60  recall_nohat 0.0  recall_hat 0.0
[252/288] ρ= 6 θ=75 o=75  recall_nohat 0.0  recall_hat 0.0
[258/288] ρ= 4 θ= 0 o=75  recall_nohat 0.0  recall_hat 0.0
[264/288] ρ= 4 θ=15 o=75  recall_nohat 0.0  recall_hat 0.0
[270/288] ρ= 4 θ=30 o=75  recall_nohat 0.0  recall_hat 0.0
[276/288] ρ= 4 θ=45 o=75  recall_nohat 0.0  recall_hat 0.0
[282/288] ρ= 4 θ=60 o=75  recall_nohat 0.0  recall_hat 0.0
[283/288] ρ= 4 θ=75 o= 0  recall_nohat 0.0  recall_hat 0.0019
[284/288] ρ= 4 θ=75 o=15  recall_nohat 0.0  recall_hat 0.0
[285/288] ρ= 4 θ=75 o=30  recall_nohat 0.0  recall_hat 0.0
[286/288] ρ= 4 θ=75 o=45  recall_nohat 0.0  recall_hat 0.0
[287/288] ρ= 4 θ=75 o=60  recall_nohat 0.0  recall_hat 0.0
[288/288] ρ= 4 θ=75 o=75  recall_nohat 0.0  recall_hat 0.0
→ C:\Users\D_H_Kim\Desktop\ReSpace\outputs\grid_results.csv  (288조건 · 이미지 500장)
