기존 결과 125조건을 재사용한다
[126/200] ρ= 8 θ= 0 o= 0  recall_nohat 0.7669  recall_hat 0.7004
[127/200] ρ= 8 θ= 0 o=15  recall_nohat 0.1114  recall_hat 0.1985
[128/200] ρ= 8 θ= 0 o=30  recall_nohat 0.0364  recall_hat 0.0693
[129/200] ρ= 8 θ= 0 o=45  recall_nohat 0.0087  recall_hat 0.0225
[130/200] ρ= 8 θ= 0 o=60  recall_nohat 0.0007  recall_hat 0.0019
[131/200] ρ= 8 θ=15 o= 0  recall_nohat 0.7597  recall_hat 0.7004
[132/200] ρ= 8 θ=15 o=15  recall_nohat 0.1209  recall_hat 0.2097
[133/200] ρ= 8 θ=15 o=30  recall_nohat 0.0291  recall_hat 0.0712
[134/200] ρ= 8 θ=15 o=45  recall_nohat 0.0066  recall_hat 0.0206
[135/200] ρ= 8 θ=15 o=60  recall_nohat 0.0  recall_hat 0.0019
[136/200] ρ= 8 θ=30 o= 0  recall_nohat 0.7597  recall_hat 0.7154
[137/200] ρ= 8 θ=30 o=15  recall_nohat 0.1537  recall_hat 0.1873
[138/200] ρ= 8 θ=30 o=30  recall_nohat 0.0379  recall_hat 0.0674
[139/200] ρ= 8 θ=30 o=45  recall_nohat 0.0131  recall_hat 0.0262
[140/200] ρ= 8 θ=30 o=60  recall_nohat 0.0007  recall_hat 0.0
[141/200] ρ= 8 θ=45 o= 0  recall_nohat 0.6956  recall_hat 0.6723
[142/200] ρ= 8 θ=45 o=15  recall_nohat 0.1377  recall_hat 0.1704
[143/200] ρ= 8 θ=45 o=30  recall_nohat 0.035  recall_hat 0.0524
[144/200] ρ= 8 θ=45 o=45  recall_nohat 0.0102  recall_hat 0.0206
[145/200] ρ= 8 θ=45 o=60  recall_nohat 0.0007  recall_hat 0.0019
[146/200] ρ= 8 θ=60 o= 0  recall_nohat 0.2884  recall_hat 0.3446
[147/200] ρ= 8 θ=60 o=15  recall_nohat 0.0517  recall_hat 0.088
[148/200] ρ= 8 θ=60 o=30  recall_nohat 0.0087  recall_hat 0.0131
[149/200] ρ= 8 θ=60 o=45  recall_nohat 0.0015  recall_hat 0.0019
[150/200] ρ= 8 θ=60 o=60  recall_nohat 0.0  recall_hat 0.0
[151/200] ρ= 6 θ= 0 o= 0  recall_nohat 0.5462  recall_hat 0.5393
[152/200] ρ= 6 θ= 0 o=15  recall_nohat 0.0335  recall_hat 0.118
[153/200] ρ= 6 θ= 0 o=30  recall_nohat 0.0146  recall_hat 0.0356
[154/200] ρ= 6 θ= 0 o=45  recall_nohat 0.0029  recall_hat 0.0094
[155/200] ρ= 6 θ= 0 o=60  recall_nohat 0.0  recall_hat 0.0019
[156/200] ρ= 6 θ=15 o= 0  recall_nohat 0.5484  recall_hat 0.5243
[157/200] ρ= 6 θ=15 o=15  recall_nohat 0.0371  recall_hat 0.1199
[158/200] ρ= 6 θ=15 o=30  recall_nohat 0.0109  recall_hat 0.0281
[159/200] ρ= 6 θ=15 o=45  recall_nohat 0.0022  recall_hat 0.0112
[160/200] ρ= 6 θ=15 o=60  recall_nohat 0.0  recall_hat 0.0
[161/200] ρ= 6 θ=30 o= 0  recall_nohat 0.5513  recall_hat 0.5543
[162/200] ρ= 6 θ=30 o=15  recall_nohat 0.0554  recall_hat 0.1086
[163/200] ρ= 6 θ=30 o=30  recall_nohat 0.0117  recall_hat 0.0356
[164/200] ρ= 6 θ=30 o=45  recall_nohat 0.0058  recall_hat 0.0112
[165/200] ρ= 6 θ=30 o=60  recall_nohat 0.0  recall_hat 0.0
[166/200] ρ= 6 θ=45 o= 0  recall_nohat 0.5018  recall_hat 0.5037
[167/200] ρ= 6 θ=45 o=15  recall_nohat 0.0583  recall_hat 0.1124
[168/200] ρ= 6 θ=45 o=30  recall_nohat 0.0131  recall_hat 0.0337
[169/200] ρ= 6 θ=45 o=45  recall_nohat 0.0029  recall_hat 0.0094
[170/200] ρ= 6 θ=45 o=60  recall_nohat 0.0  recall_hat 0.0037
[171/200] ρ= 6 θ=60 o= 0  recall_nohat 0.1515  recall_hat 0.2172
[172/200] ρ= 6 θ=60 o=15  recall_nohat 0.0233  recall_hat 0.0524
[173/200] ρ= 6 θ=60 o=30  recall_nohat 0.0044  recall_hat 0.0131
[174/200] ρ= 6 θ=60 o=45  recall_nohat 0.0015  recall_hat 0.0037
[175/200] ρ= 6 θ=60 o=60  recall_nohat 0.0  recall_hat 0.0
[176/200] ρ= 4 θ= 0 o= 0  recall_nohat 0.1792  recall_hat 0.2622
[177/200] ρ= 4 θ= 0 o=15  recall_nohat 0.0073  recall_hat 0.0393
[178/200] ρ= 4 θ= 0 o=30  recall_nohat 0.0022  recall_hat 0.0056
[179/200] ρ= 4 θ= 0 o=45  recall_nohat 0.0  recall_hat 0.0019
[180/200] ρ= 4 θ= 0 o=60  recall_nohat 0.0  recall_hat 0.0
[181/200] ρ= 4 θ=15 o= 0  recall_nohat 0.1799  recall_hat 0.2566
[182/200] ρ= 4 θ=15 o=15  recall_nohat 0.0087  recall_hat 0.0431
[183/200] ρ= 4 θ=15 o=30  recall_nohat 0.0007  recall_hat 0.0019
[184/200] ρ= 4 θ=15 o=45  recall_nohat 0.0  recall_hat 0.0
[185/200] ρ= 4 θ=15 o=60  recall_nohat 0.0  recall_hat 0.0
[186/200] ρ= 4 θ=30 o= 0  recall_nohat 0.1865  recall_hat 0.2547
[187/200] ρ= 4 θ=30 o=15  recall_nohat 0.0124  recall_hat 0.0431
[188/200] ρ= 4 θ=30 o=30  recall_nohat 0.0051  recall_hat 0.0056
[189/200] ρ= 4 θ=30 o=45  recall_nohat 0.0036  recall_hat 0.0
[190/200] ρ= 4 θ=30 o=60  recall_nohat 0.0  recall_hat 0.0
[191/200] ρ= 4 θ=45 o= 0  recall_nohat 0.1464  recall_hat 0.2022
[192/200] ρ= 4 θ=45 o=15  recall_nohat 0.0095  recall_hat 0.0337
[193/200] ρ= 4 θ=45 o=30  recall_nohat 0.0044  recall_hat 0.0112
[194/200] ρ= 4 θ=45 o=45  recall_nohat 0.0022  recall_hat 0.0037
[195/200] ρ= 4 θ=45 o=60  recall_nohat 0.0  recall_hat 0.0
[196/200] ρ= 4 θ=60 o= 0  recall_nohat 0.035  recall_hat 0.0655
[197/200] ρ= 4 θ=60 o=15  recall_nohat 0.0022  recall_hat 0.0056
[198/200] ρ= 4 θ=60 o=30  recall_nohat 0.0007  recall_hat 0.0019
[199/200] ρ= 4 θ=60 o=45  recall_nohat 0.0  recall_hat 0.0
[200/200] ρ= 4 θ=60 o=60  recall_nohat 0.0  recall_hat 0.0
→ C:\Users\D_H_Kim\Desktop\ReSpace\outputs\grid_results.csv  (200조건 · 이미지 500장)
